******************************************************************************
                  TI ARM Linker Unix v16.9.4                   
******************************************************************************
>> Linked Tue Nov 28 20:49:59 2017

OUTPUT FILE NAME:   <Ultrasonic_Communication.out>
ENTRY POINT SYMBOL: "_c_int00"  address: 00000ab1


MEMORY CONFIGURATION

         name            origin    length      used     unused   attr    fill
----------------------  --------  ---------  --------  --------  ----  --------
  FLASH                 00000000   00040000  00000f0e  0003f0f2  R  X
  SRAM                  20000000   00008000  0000112c  00006ed4  RW X


SEGMENT ALLOCATION MAP

run origin  load origin   length   init length attrs members
----------  ----------- ---------- ----------- ----- -------
00000000    00000000    00000f10   00000f10    r-x
  00000000    00000000    0000026c   0000026c    r-- .intvecs
  0000026c    0000026c    00000bda   00000bda    r-x .text
  00000e48    00000e48    00000088   00000088    r-- .const
  00000ed0    00000ed0    00000040   00000040    r-- .cinit
20000000    20000000    0000112c   00000000    rw-
  20000000    20000000    00001004   00000000    rw- .bss
  20001004    20001004    00000100   00000000    rw- .stack
  20001104    20001104    00000028   00000000    rw- .data


SECTION ALLOCATION MAP

 output                                  attributes/
section   page    origin      length       input sections
--------  ----  ----------  ----------   ----------------
.intvecs   0    00000000    0000026c     
                  00000000    0000026c     startup_ccs.obj (.intvecs)

.text      0    0000026c    00000bda     
                  0000026c    000001ea     uartstdio.obj (.text:UARTvprintf)
                  00000456    00000132     driverlib.lib : gpio.obj (.text:GPIOPadConfigSet)
                  00000588    0000009c     rtsv7M4_T_le_v4SPD16_eabi.lib : memcpy_t2.obj (.text)
                  00000624    0000007a     driverlib.lib : adc.obj (.text:ADCSequenceStepConfigure)
                  0000069e    0000007a     rtsv7M4_T_le_v4SPD16_eabi.lib : memset_t2.obj (.text)
                  00000718    00000070     main.obj (.text:ADC3IntHandler)
                  00000788    00000070     rtsv7M4_T_le_v4SPD16_eabi.lib : autoinit.obj (.text)
                  000007f8    0000006c     main.obj (.text:ConfigureADC8)
                  00000864    00000068     driverlib.lib : interrupt.obj (.text:IntEnable)
                  000008cc    00000068     rtsv7M4_T_le_v4SPD16_eabi.lib : copy_decompress_lzss.obj (.text:decompress:lzss)
                  00000934    00000064     main.obj (.text:ConfigureUART)
                  00000998    00000060     main.obj (.text:ConfigureSamplingTimer)
                  000009f8    00000060     uartstdio.obj (.text:UARTStdioConfig)
                  00000a58    00000058     driverlib.lib : adc.obj (.text:ADCSequenceConfigure)
                  00000ab0    00000054     rtsv7M4_T_le_v4SPD16_eabi.lib : boot.obj (.text)
                  00000b04    00000054                                   : exit.obj (.text)
                  00000b58    00000050     driverlib.lib : sysctl.obj (.text:SysCtlPeripheralReset)
                  00000ba8    00000050     main.obj (.text:main)
                  00000bf8    0000004c     rtsv7M4_T_le_v4SPD16_eabi.lib : cpy_tbl.obj (.text)
                  00000c44    00000048     uartstdio.obj (.text:UARTwrite)
                  00000c8c    00000048     main.obj (.text:goertzel)
                  00000cd4    00000040     rtsv7M4_T_le_v4SPD16_eabi.lib : u_divt2.obj (.text)
                  00000d14    00000034     driverlib.lib : sysctl.obj (.text:SysCtlPeripheralEnable)
                  00000d48    0000002a                   : gpio.obj (.text:GPIODirModeSet)
                  00000d72    0000001e                   : adc.obj (.text:ADCSequenceDataGet)
                  00000d90    0000001a     uartstdio.obj (.text:UARTprintf)
                  00000daa    00000002     startup_ccs.obj (.text:FaultISR)
                  00000dac    00000018     rtsv7M4_T_le_v4SPD16_eabi.lib : args_main.obj (.text)
                  00000dc4    00000014                                   : _lock.obj (.text)
                  00000dd8    00000012     driverlib.lib : gpio.obj (.text:GPIOPinTypeADC)
                  00000dea    00000010                   : adc.obj (.text:ADCIntEnable)
                  00000dfa    0000000e                   : adc.obj (.text:ADCSequenceEnable)
                  00000e08    0000000e     rtsv7M4_T_le_v4SPD16_eabi.lib : copy_decompress_none.obj (.text:decompress:none)
                  00000e16    0000000c                                   : copy_zero_init.obj (.text:decompress:ZI)
                  00000e22    0000000a     driverlib.lib : adc.obj (.text:ADCIntClear)
                  00000e2c    00000006     startup_ccs.obj (.text:ResetISR)
                  00000e32    00000006     driverlib.lib : uart.obj (.text:UARTClockSourceSet)
                  00000e38    00000004     rtsv7M4_T_le_v4SPD16_eabi.lib : pre_init.obj (.text)
                  00000e3c    00000002     startup_ccs.obj (.text:IntDefaultHandler)
                  00000e3e    00000002     startup_ccs.obj (.text:NmiSR)
                  00000e40    00000002     rtsv7M4_T_le_v4SPD16_eabi.lib : i_div0.obj (.text)
                  00000e42    00000002                                   : mpu_init.obj (.text)
                  00000e44    00000002                                   : startup.obj (.text)

.const     0    00000e48    00000088     
                  00000e48    00000070     driverlib.lib : interrupt.obj (.const)
                  00000eb8    0000000c     uartstdio.obj (.const:g_ui32UARTBase)
                  00000ec4    0000000c     uartstdio.obj (.const:g_ui32UARTPeriph)

.cinit     0    00000ed0    00000040     
                  00000ed0    00000017     (.cinit..data.load) [load image, compression = lzss]
                  00000ee7    00000001     --HOLE-- [fill = 0]
                  00000ee8    0000000c     (__TI_handler_table)
                  00000ef4    00000004     --HOLE-- [fill = 0]
                  00000ef8    00000008     (.cinit..bss.load) [load image, compression = zero_init]
                  00000f00    00000010     (__TI_cinit_table)

.init_array 
*          0    00000000    00000000     UNINITIALIZED

.bss       0    20000000    00001004     UNINITIALIZED
                  20000000    00001000     (.common:data)
                  20001000    00000004     (.common:index)

.data      0    20001104    00000028     UNINITIALIZED
                  20001104    0000000c     rtsv7M4_T_le_v4SPD16_eabi.lib : exit.obj (.data:$O1$$)
                  20001110    00000008                                   : _lock.obj (.data:$O1$$)
                  20001118    00000008     main.obj (.data)
                  20001120    00000005     uartstdio.obj (.data)
                  20001125    00000003     --HOLE--
                  20001128    00000004     rtsv7M4_T_le_v4SPD16_eabi.lib : stkdepth_vars.obj (.data)

.stack     0    20001004    00000100     UNINITIALIZED
                  20001004    00000100     --HOLE--

MODULE SUMMARY

       Module                     code   ro data   rw data
       ------                     ----   -------   -------
    ./
       main.obj                   568    0         4108   
       startup_ccs.obj            12     620       0      
    +--+--------------------------+------+---------+---------+
       Total:                     580    620       4108   
                                                          
    ./utils/
       uartstdio.obj              684    24        5      
    +--+--------------------------+------+---------+---------+
       Total:                     684    24        5      
                                                          
    /Applications/ti/ccsv7/tools/compiler/ti-cgt-arm_16.9.4.LTS/lib/rtsv7M4_T_le_v4SPD16_eabi.lib
       memcpy_t2.obj              156    0         0      
       memset_t2.obj              122    0         0      
       autoinit.obj               112    0         0      
       copy_decompress_lzss.obj   104    0         0      
       exit.obj                   84     0         12     
       boot.obj                   84     0         0      
       cpy_tbl.obj                76     0         0      
       u_divt2.obj                64     0         0      
       _lock.obj                  20     0         8      
       args_main.obj              24     0         0      
       copy_decompress_none.obj   14     0         0      
       copy_zero_init.obj         12     0         0      
       pre_init.obj               4      0         0      
       stkdepth_vars.obj          0      0         4      
       i_div0.obj                 2      0         0      
       mpu_init.obj               2      0         0      
       startup.obj                2      0         0      
    +--+--------------------------+------+---------+---------+
       Total:                     882    0         24     
                                                          
    /Users/Devansh/ti/TivaWare_C_Series-2.1.3.156/driverlib/ccs/Debug/driverlib.lib
       gpio.obj                   366    0         0      
       adc.obj                    280    0         0      
       interrupt.obj              104    112       0      
       sysctl.obj                 132    0         0      
       uart.obj                   6      0         0      
    +--+--------------------------+------+---------+---------+
       Total:                     888    112       0      
                                                          
       Stack:                     0      0         256    
       Linker Generated:          0      59        0      
    +--+--------------------------+------+---------+---------+
       Grand Total:               3034   815       4393   


LINKER GENERATED COPY TABLES

__TI_cinit_table @ 00000f00 records: 2, size/record: 8, table size: 16
	.data: load addr=00000ed0, load size=00000017 bytes, run addr=20001104, run size=00000028 bytes, compression=lzss
	.bss: load addr=00000ef8, load size=00000008 bytes, run addr=20000000, run size=00001004 bytes, compression=zero_init


LINKER GENERATED HANDLER TABLE

__TI_handler_table @ 00000ee8 records: 3, size/record: 4, table size: 12
	index: 0, handler: __TI_decompress_lzss
	index: 1, handler: __TI_decompress_none
	index: 2, handler: __TI_zero_init


GLOBAL SYMBOLS: SORTED ALPHABETICALLY BY Name 

address   name                           
-------   ----                           
00000719  ADC3IntHandler                 
00000e23  ADCIntClear                    
00000deb  ADCIntEnable                   
00000a59  ADCSequenceConfigure           
00000d73  ADCSequenceDataGet             
00000dfb  ADCSequenceEnable              
00000625  ADCSequenceStepConfigure       
00000b05  C$$EXIT                        
000007f9  ConfigureADC8                  
00000999  ConfigureSamplingTimer         
00000935  ConfigureUART                  
00000d49  GPIODirModeSet                 
00000457  GPIOPadConfigSet               
00000dd9  GPIOPinTypeADC                 
00000865  IntEnable                      
00000e2d  ResetISR                       
UNDEFED   SHT$$INIT_ARRAY$$Base          
UNDEFED   SHT$$INIT_ARRAY$$Limit         
00000d15  SysCtlPeripheralEnable         
00000b59  SysCtlPeripheralReset          
00000e33  UARTClockSourceSet             
000009f9  UARTStdioConfig                
00000d91  UARTprintf                     
0000026d  UARTvprintf                    
00000c45  UARTwrite                      
20001104  __STACK_END                    
00000100  __STACK_SIZE                   
20001104  __STACK_TOP                    
00000f00  __TI_CINIT_Base                
00000f10  __TI_CINIT_Limit               
00000ee8  __TI_Handler_Table_Base        
00000ef4  __TI_Handler_Table_Limit       
00000789  __TI_auto_init                 
20001104  __TI_cleanup_ptr               
000008cd  __TI_decompress_lzss           
00000e09  __TI_decompress_none           
20001108  __TI_dtors_ptr                 
2000110c  __TI_enable_exit_profile_output
ffffffff  __TI_pprof_out_hndl            
ffffffff  __TI_prof_data_size            
ffffffff  __TI_prof_data_start           
00000000  __TI_static_base__             
00000e17  __TI_zero_init                 
00000e41  __aeabi_idiv0                  
0000069f  __aeabi_memclr                 
0000069f  __aeabi_memclr4                
0000069f  __aeabi_memclr8                
00000589  __aeabi_memcpy                 
00000589  __aeabi_memcpy4                
00000589  __aeabi_memcpy8                
000006a1  __aeabi_memset                 
000006a1  __aeabi_memset4                
000006a1  __aeabi_memset8                
00000cd5  __aeabi_uidiv                  
00000cd5  __aeabi_uidivmod               
ffffffff  __binit__                      
ffffffff  __c_args__                     
00000e43  __mpu_init                     
20001004  __stack                        
00000dad  _args_main                     
00000ab1  _c_int00                       
20001110  _lock                          
00000dd3  _nop                           
00000dcb  _register_lock                 
00000dc5  _register_unlock               
00000e45  _system_post_cinit             
00000e39  _system_pre_init               
20001114  _unlock                        
00000b09  abort                          
ffffffff  binit                          
00000bf9  copy_in                        
20000000  data                           
00000b11  exit                           
00000000  g_pfnVectors                   
00000c8d  goertzel                       
20001000  index                          
00000ba9  main                           
20001128  main_func_sp                   
00000589  memcpy                         
000006a7  memset                         
20001118  sampling_rate                  
2000111c  second                         


GLOBAL SYMBOLS: SORTED BY Symbol Address 

address   name                           
-------   ----                           
00000000  __TI_static_base__             
00000000  g_pfnVectors                   
00000100  __STACK_SIZE                   
0000026d  UARTvprintf                    
00000457  GPIOPadConfigSet               
00000589  __aeabi_memcpy                 
00000589  __aeabi_memcpy4                
00000589  __aeabi_memcpy8                
00000589  memcpy                         
00000625  ADCSequenceStepConfigure       
0000069f  __aeabi_memclr                 
0000069f  __aeabi_memclr4                
0000069f  __aeabi_memclr8                
000006a1  __aeabi_memset                 
000006a1  __aeabi_memset4                
000006a1  __aeabi_memset8                
000006a7  memset                         
00000719  ADC3IntHandler                 
00000789  __TI_auto_init                 
000007f9  ConfigureADC8                  
00000865  IntEnable                      
000008cd  __TI_decompress_lzss           
00000935  ConfigureUART                  
00000999  ConfigureSamplingTimer         
000009f9  UARTStdioConfig                
00000a59  ADCSequenceConfigure           
00000ab1  _c_int00                       
00000b05  C$$EXIT                        
00000b09  abort                          
00000b11  exit                           
00000b59  SysCtlPeripheralReset          
00000ba9  main                           
00000bf9  copy_in                        
00000c45  UARTwrite                      
00000c8d  goertzel                       
00000cd5  __aeabi_uidiv                  
00000cd5  __aeabi_uidivmod               
00000d15  SysCtlPeripheralEnable         
00000d49  GPIODirModeSet                 
00000d73  ADCSequenceDataGet             
00000d91  UARTprintf                     
00000dad  _args_main                     
00000dc5  _register_unlock               
00000dcb  _register_lock                 
00000dd3  _nop                           
00000dd9  GPIOPinTypeADC                 
00000deb  ADCIntEnable                   
00000dfb  ADCSequenceEnable              
00000e09  __TI_decompress_none           
00000e17  __TI_zero_init                 
00000e23  ADCIntClear                    
00000e2d  ResetISR                       
00000e33  UARTClockSourceSet             
00000e39  _system_pre_init               
00000e41  __aeabi_idiv0                  
00000e43  __mpu_init                     
00000e45  _system_post_cinit             
00000ee8  __TI_Handler_Table_Base        
00000ef4  __TI_Handler_Table_Limit       
00000f00  __TI_CINIT_Base                
00000f10  __TI_CINIT_Limit               
20000000  data                           
20001000  index                          
20001004  __stack                        
20001104  __STACK_END                    
20001104  __STACK_TOP                    
20001104  __TI_cleanup_ptr               
20001108  __TI_dtors_ptr                 
2000110c  __TI_enable_exit_profile_output
20001110  _lock                          
20001114  _unlock                        
20001118  sampling_rate                  
2000111c  second                         
20001128  main_func_sp                   
ffffffff  __TI_pprof_out_hndl            
ffffffff  __TI_prof_data_size            
ffffffff  __TI_prof_data_start           
ffffffff  __binit__                      
ffffffff  __c_args__                     
ffffffff  binit                          
UNDEFED   SHT$$INIT_ARRAY$$Base          
UNDEFED   SHT$$INIT_ARRAY$$Limit         

[82 symbols]
