******************************************************************************
                  TI ARM Linker Unix v16.9.4                   
******************************************************************************
>> Linked Mon Jan  1 20:18:17 2018

OUTPUT FILE NAME:   <Ultrasonic_Communication.out>
ENTRY POINT SYMBOL: "_c_int00"  address: 00000dfd


MEMORY CONFIGURATION

         name            origin    length      used     unused   attr    fill
----------------------  --------  ---------  --------  --------  ----  --------
  FLASH                 00000000   00040000  000012e2  0003ed1e  R  X
  SRAM                  20000000   00008000  00001740  000068c0  RW X


SEGMENT ALLOCATION MAP

run origin  load origin   length   init length attrs members
----------  ----------- ---------- ----------- ----- -------
00000000    00000000    000012e8   000012e8    r-x
  00000000    00000000    0000026c   0000026c    r-- .intvecs
  0000026c    0000026c    00000fa6   00000fa6    r-x .text
  00001214    00001214    00000088   00000088    r-- .const
  000012a0    000012a0    00000048   00000048    r-- .cinit
20000000    20000000    00001740   00000000    rw-
  20000000    20000000    000015f8   00000000    rw- .bss
  200015f8    200015f8    00000100   00000000    rw- .stack
  200016f8    200016f8    00000048   00000000    rw- .data


SECTION ALLOCATION MAP

 output                                  attributes/
section   page    origin      length       input sections
--------  ----  ----------  ----------   ----------------
.intvecs   0    00000000    0000026c     
                  00000000    0000026c     startup_ccs.obj (.intvecs)

.text      0    0000026c    00000fa6     
                  0000026c    000001ea     uartstdio.obj (.text:UARTvprintf)
                  00000456    00000002     startup_ccs.obj (.text:FaultISR)
                  00000458    00000148     main.obj (.text:process_data)
                  000005a0    00000132     driverlib.lib : gpio.obj (.text:GPIOPadConfigSet)
                  000006d2    00000002     startup_ccs.obj (.text:IntDefaultHandler)
                  000006d4    000000e0     main.obj (.text:ConfigureADCuDMA)
                  000007b4    0000009c     rtsv7M4_T_le_v4SPD16_eabi.lib : memcpy_t2.obj (.text)
                  00000850    00000094     main.obj (.text:main)
                  000008e4    00000084     driverlib.lib : udma.obj (.text:uDMAChannelTransferSet)
                  00000968    0000007a                   : adc.obj (.text:ADCSequenceStepConfigure)
                  000009e2    0000007a     rtsv7M4_T_le_v4SPD16_eabi.lib : memset_t2.obj (.text)
                  00000a5c    00000074     main.obj (.text:ConfigureSamplingTimer)
                  00000ad0    00000070     rtsv7M4_T_le_v4SPD16_eabi.lib : autoinit.obj (.text)
                  00000b40    00000068     main.obj (.text:ADC3IntHandler)
                  00000ba8    00000068     driverlib.lib : interrupt.obj (.text:IntDisable)
                  00000c10    00000068                   : interrupt.obj (.text:IntEnable)
                  00000c78    00000068     rtsv7M4_T_le_v4SPD16_eabi.lib : copy_decompress_lzss.obj (.text:decompress:lzss)
                  00000ce0    00000064     main.obj (.text:ConfigureUART)
                  00000d44    00000060     uartstdio.obj (.text:UARTStdioConfig)
                  00000da4    00000058     driverlib.lib : adc.obj (.text:ADCSequenceConfigure)
                  00000dfc    00000054     rtsv7M4_T_le_v4SPD16_eabi.lib : boot.obj (.text)
                  00000e50    00000054                                   : exit.obj (.text)
                  00000ea4    0000004c                                   : cpy_tbl.obj (.text)
                  00000ef0    00000048     uartstdio.obj (.text:UARTwrite)
                  00000f38    00000048     driverlib.lib : udma.obj (.text:uDMAChannelAttributeDisable)
                  00000f80    00000048                   : udma.obj (.text:uDMAChannelAttributeEnable)
                  00000fc8    00000040     main.obj (.text:goertzel)
                  00001008    00000040     rtsv7M4_T_le_v4SPD16_eabi.lib : u_divt2.obj (.text)
                  00001048    00000034     driverlib.lib : sysctl.obj (.text:SysCtlPeripheralEnable)
                  0000107c    0000002a                   : gpio.obj (.text:GPIODirModeSet)
                  000010a6    00000002     startup_ccs.obj (.text:NmiSR)
                  000010a8    00000028     driverlib.lib : udma.obj (.text:uDMAChannelModeGet)
                  000010d0    00000024                   : udma.obj (.text:uDMAChannelControlSet)
                  000010f4    0000001a     uartstdio.obj (.text:UARTprintf)
                  0000110e    00000018     driverlib.lib : adc.obj (.text:ADCClockConfigSet)
                  00001126    00000002     rtsv7M4_T_le_v4SPD16_eabi.lib : i_div0.obj (.text)
                  00001128    00000018                                   : args_main.obj (.text)
                  00001140    00000018     driverlib.lib : udma.obj (.text:uDMAChannelEnable)
                  00001158    00000014     rtsv7M4_T_le_v4SPD16_eabi.lib : _lock.obj (.text)
                  0000116c    00000012     driverlib.lib : gpio.obj (.text:GPIOPinTypeADC)
                  0000117e    00000010                   : adc.obj (.text:ADCSequenceDMAEnable)
                  0000118e    00000002     rtsv7M4_T_le_v4SPD16_eabi.lib : mpu_init.obj (.text)
                  00001190    00000010     driverlib.lib : udma.obj (.text:uDMAEnable)
                  000011a0    0000000e                   : adc.obj (.text:ADCIntDisable)
                  000011ae    0000000e                   : adc.obj (.text:ADCSequenceDisable)
                  000011bc    0000000e                   : adc.obj (.text:ADCSequenceEnable)
                  000011ca    0000000e     rtsv7M4_T_le_v4SPD16_eabi.lib : copy_decompress_none.obj (.text:decompress:none)
                  000011d8    0000000c                                   : copy_zero_init.obj (.text:decompress:ZI)
                  000011e4    0000000c     driverlib.lib : udma.obj (.text:uDMAControlBaseSet)
                  000011f0    0000000a                   : adc.obj (.text:ADCIntClear)
                  000011fa    00000006     startup_ccs.obj (.text:ResetISR)
                  00001200    00000006     driverlib.lib : sysctl.obj (.text:SysCtlDelay)
                  00001206    00000006                   : uart.obj (.text:UARTClockSourceSet)
                  0000120c    00000004     rtsv7M4_T_le_v4SPD16_eabi.lib : pre_init.obj (.text)
                  00001210    00000002                                   : startup.obj (.text)

.const     0    00001214    00000088     
                  00001214    00000070     driverlib.lib : interrupt.obj (.const)
                  00001284    0000000c     uartstdio.obj (.const:g_ui32UARTBase)
                  00001290    0000000c     uartstdio.obj (.const:g_ui32UARTPeriph)

.cinit     0    000012a0    00000048     
                  000012a0    0000001d     (.cinit..data.load) [load image, compression = lzss]
                  000012bd    00000003     --HOLE-- [fill = 0]
                  000012c0    0000000c     (__TI_handler_table)
                  000012cc    00000004     --HOLE-- [fill = 0]
                  000012d0    00000008     (.cinit..bss.load) [load image, compression = zero_init]
                  000012d8    00000010     (__TI_cinit_table)

.init_array 
*          0    00000000    00000000     UNINITIALIZED

.bss       0    20000000    000015f8     UNINITIALIZED
                  20000000    00000800     (.common:ADC_Out1)
                  20000800    00000800     (.common:ADC_Out2)
                  20001000    00000400     (.common:ucControlTable)
                  20001400    000001f4     (.common:output)
                  200015f4    00000004     (.common:BufferStatus)

.data      0    200016f8    00000048     UNINITIALIZED
                  200016f8    00000014     main.obj (.data:amplitude_buffer)
                  2000170c    00000014     main.obj (.data)
                  20001720    0000000c     rtsv7M4_T_le_v4SPD16_eabi.lib : exit.obj (.data:$O1$$)
                  2000172c    00000008                                   : _lock.obj (.data:$O1$$)
                  20001734    00000005     uartstdio.obj (.data)
                  20001739    00000003     --HOLE--
                  2000173c    00000004     rtsv7M4_T_le_v4SPD16_eabi.lib : stkdepth_vars.obj (.data)

.stack     0    200015f8    00000100     UNINITIALIZED
                  200015f8    00000100     --HOLE--

MODULE SUMMARY

       Module                     code   ro data   rw data
       ------                     ----   -------   -------
    ./
       main.obj                   1084   0         5664   
       startup_ccs.obj            12     620       0      
    +--+--------------------------+------+---------+---------+
       Total:                     1096   620       5664   
                                                          
    ./utils/
       uartstdio.obj              684    24        5      
    +--+--------------------------+------+---------+---------+
       Total:                     684    24        5      
                                                          
    /Applications/ti/ccsv7/tools/compiler/ti-cgt-arm_16.9.4.LTS/lib/rtsv7M4_T_le_v4SPD16_eabi.lib
       memcpy_t2.obj              156    0         0      
       memset_t2.obj              122    0         0      
       autoinit.obj               112    0         0      
       copy_decompress_lzss.obj   104    0         0      
       exit.obj                   84     0         12     
       boot.obj                   84     0         0      
       cpy_tbl.obj                76     0         0      
       u_divt2.obj                64     0         0      
       _lock.obj                  20     0         8      
       args_main.obj              24     0         0      
       copy_decompress_none.obj   14     0         0      
       copy_zero_init.obj         12     0         0      
       pre_init.obj               4      0         0      
       stkdepth_vars.obj          0      0         4      
       i_div0.obj                 2      0         0      
       mpu_init.obj               2      0         0      
       startup.obj                2      0         0      
    +--+--------------------------+------+---------+---------+
       Total:                     882    0         24     
                                                          
    /Users/Devansh/ti/TivaWare_C_Series-2.1.3.156/driverlib/ccs/Debug/driverlib.lib
       udma.obj                   404    0         0      
       gpio.obj                   366    0         0      
       interrupt.obj              208    112       0      
       adc.obj                    302    0         0      
       sysctl.obj                 58     0         0      
       uart.obj                   6      0         0      
    +--+--------------------------+------+---------+---------+
       Total:                     1344   112       0      
                                                          
       Stack:                     0      0         256    
       Linker Generated:          0      65        0      
    +--+--------------------------+------+---------+---------+
       Grand Total:               4006   821       5949   


LINKER GENERATED COPY TABLES

__TI_cinit_table @ 000012d8 records: 2, size/record: 8, table size: 16
	.data: load addr=000012a0, load size=0000001d bytes, run addr=200016f8, run size=00000048 bytes, compression=lzss
	.bss: load addr=000012d0, load size=00000008 bytes, run addr=20000000, run size=000015f8 bytes, compression=zero_init


LINKER GENERATED HANDLER TABLE

__TI_handler_table @ 000012c0 records: 3, size/record: 4, table size: 12
	index: 0, handler: __TI_decompress_lzss
	index: 1, handler: __TI_decompress_none
	index: 2, handler: __TI_zero_init


GLOBAL SYMBOLS: SORTED ALPHABETICALLY BY Name 

address   name                           
-------   ----                           
00000b41  ADC3IntHandler                 
0000110f  ADCClockConfigSet              
000011f1  ADCIntClear                    
000011a1  ADCIntDisable                  
00000da5  ADCSequenceConfigure           
0000117f  ADCSequenceDMAEnable           
000011af  ADCSequenceDisable             
000011bd  ADCSequenceEnable              
00000969  ADCSequenceStepConfigure       
20000000  ADC_Out1                       
20000800  ADC_Out2                       
200015f4  BufferStatus                   
00000e51  C$$EXIT                        
000006d5  ConfigureADCuDMA               
00000a5d  ConfigureSamplingTimer         
00000ce1  ConfigureUART                  
0000107d  GPIODirModeSet                 
000005a1  GPIOPadConfigSet               
0000116d  GPIOPinTypeADC                 
00000ba9  IntDisable                     
00000c11  IntEnable                      
000011fb  ResetISR                       
UNDEFED   SHT$$INIT_ARRAY$$Base          
UNDEFED   SHT$$INIT_ARRAY$$Limit         
00001201  SysCtlDelay                    
00001049  SysCtlPeripheralEnable         
00001207  UARTClockSourceSet             
00000d45  UARTStdioConfig                
000010f5  UARTprintf                     
0000026d  UARTvprintf                    
00000ef1  UARTwrite                      
200016f8  __STACK_END                    
00000100  __STACK_SIZE                   
200016f8  __STACK_TOP                    
000012d8  __TI_CINIT_Base                
000012e8  __TI_CINIT_Limit               
000012c0  __TI_Handler_Table_Base        
000012cc  __TI_Handler_Table_Limit       
00000ad1  __TI_auto_init                 
20001720  __TI_cleanup_ptr               
00000c79  __TI_decompress_lzss           
000011cb  __TI_decompress_none           
20001724  __TI_dtors_ptr                 
20001728  __TI_enable_exit_profile_output
ffffffff  __TI_pprof_out_hndl            
ffffffff  __TI_prof_data_size            
ffffffff  __TI_prof_data_start           
00000000  __TI_static_base__             
000011d9  __TI_zero_init                 
00001127  __aeabi_idiv0                  
000009e3  __aeabi_memclr                 
000009e3  __aeabi_memclr4                
000009e3  __aeabi_memclr8                
000007b5  __aeabi_memcpy                 
000007b5  __aeabi_memcpy4                
000007b5  __aeabi_memcpy8                
000009e5  __aeabi_memset                 
000009e5  __aeabi_memset4                
000009e5  __aeabi_memset8                
00001009  __aeabi_uidiv                  
00001009  __aeabi_uidivmod               
ffffffff  __binit__                      
ffffffff  __c_args__                     
0000118f  __mpu_init                     
200015f8  __stack                        
00001129  _args_main                     
00000dfd  _c_int00                       
2000172c  _lock                          
00001167  _nop                           
0000115f  _register_lock                 
00001159  _register_unlock               
00001211  _system_post_cinit             
0000120d  _system_pre_init               
20001730  _unlock                        
00000e55  abort                          
200016f8  amplitude_buffer               
ffffffff  binit                          
20001710  bit_output_index               
20001719  byte_sync                      
00000ea5  copy_in                        
2000171c  cunt                           
20001718  data_byte                      
00000e5d  exit                           
20001714  frame_count                    
00000000  g_pfnVectors                   
00000fc9  goertzel                       
00000851  main                           
2000173c  main_func_sp                   
000007b5  memcpy                         
000009eb  memset                         
20001400  output                         
00000459  process_data                   
2000170c  sampling_rate                  
2000170e  transfer_status                
00000f39  uDMAChannelAttributeDisable    
00000f81  uDMAChannelAttributeEnable     
000010d1  uDMAChannelControlSet          
00001141  uDMAChannelEnable              
000010a9  uDMAChannelModeGet             
000008e5  uDMAChannelTransferSet         
000011e5  uDMAControlBaseSet             
00001191  uDMAEnable                     
20001000  ucControlTable                 


GLOBAL SYMBOLS: SORTED BY Symbol Address 

address   name                           
-------   ----                           
00000000  __TI_static_base__             
00000000  g_pfnVectors                   
00000100  __STACK_SIZE                   
0000026d  UARTvprintf                    
00000459  process_data                   
000005a1  GPIOPadConfigSet               
000006d5  ConfigureADCuDMA               
000007b5  __aeabi_memcpy                 
000007b5  __aeabi_memcpy4                
000007b5  __aeabi_memcpy8                
000007b5  memcpy                         
00000851  main                           
000008e5  uDMAChannelTransferSet         
00000969  ADCSequenceStepConfigure       
000009e3  __aeabi_memclr                 
000009e3  __aeabi_memclr4                
000009e3  __aeabi_memclr8                
000009e5  __aeabi_memset                 
000009e5  __aeabi_memset4                
000009e5  __aeabi_memset8                
000009eb  memset                         
00000a5d  ConfigureSamplingTimer         
00000ad1  __TI_auto_init                 
00000b41  ADC3IntHandler                 
00000ba9  IntDisable                     
00000c11  IntEnable                      
00000c79  __TI_decompress_lzss           
00000ce1  ConfigureUART                  
00000d45  UARTStdioConfig                
00000da5  ADCSequenceConfigure           
00000dfd  _c_int00                       
00000e51  C$$EXIT                        
00000e55  abort                          
00000e5d  exit                           
00000ea5  copy_in                        
00000ef1  UARTwrite                      
00000f39  uDMAChannelAttributeDisable    
00000f81  uDMAChannelAttributeEnable     
00000fc9  goertzel                       
00001009  __aeabi_uidiv                  
00001009  __aeabi_uidivmod               
00001049  SysCtlPeripheralEnable         
0000107d  GPIODirModeSet                 
000010a9  uDMAChannelModeGet             
000010d1  uDMAChannelControlSet          
000010f5  UARTprintf                     
0000110f  ADCClockConfigSet              
00001127  __aeabi_idiv0                  
00001129  _args_main                     
00001141  uDMAChannelEnable              
00001159  _register_unlock               
0000115f  _register_lock                 
00001167  _nop                           
0000116d  GPIOPinTypeADC                 
0000117f  ADCSequenceDMAEnable           
0000118f  __mpu_init                     
00001191  uDMAEnable                     
000011a1  ADCIntDisable                  
000011af  ADCSequenceDisable             
000011bd  ADCSequenceEnable              
000011cb  __TI_decompress_none           
000011d9  __TI_zero_init                 
000011e5  uDMAControlBaseSet             
000011f1  ADCIntClear                    
000011fb  ResetISR                       
00001201  SysCtlDelay                    
00001207  UARTClockSourceSet             
0000120d  _system_pre_init               
00001211  _system_post_cinit             
000012c0  __TI_Handler_Table_Base        
000012cc  __TI_Handler_Table_Limit       
000012d8  __TI_CINIT_Base                
000012e8  __TI_CINIT_Limit               
20000000  ADC_Out1                       
20000800  ADC_Out2                       
20001000  ucControlTable                 
20001400  output                         
200015f4  BufferStatus                   
200015f8  __stack                        
200016f8  __STACK_END                    
200016f8  __STACK_TOP                    
200016f8  amplitude_buffer               
2000170c  sampling_rate                  
2000170e  transfer_status                
20001710  bit_output_index               
20001714  frame_count                    
20001718  data_byte                      
20001719  byte_sync                      
2000171c  cunt                           
20001720  __TI_cleanup_ptr               
20001724  __TI_dtors_ptr                 
20001728  __TI_enable_exit_profile_output
2000172c  _lock                          
20001730  _unlock                        
2000173c  main_func_sp                   
ffffffff  __TI_pprof_out_hndl            
ffffffff  __TI_prof_data_size            
ffffffff  __TI_prof_data_start           
ffffffff  __binit__                      
ffffffff  __c_args__                     
ffffffff  binit                          
UNDEFED   SHT$$INIT_ARRAY$$Base          
UNDEFED   SHT$$INIT_ARRAY$$Limit         

[103 symbols]
